Archive member included to satisfy reference by file (symbol)

/home/jm-liberty/st/stm32cubeide_2.0.0/plugins/com.st.stm32cube.ide.mcu.externaltools.gnu-tools-for-stm32.13.3.rel1.linux64_1.0.100.202509120712/tools/bin/../lib/gcc/arm-none-eabi/13.3.1/../../../../arm-none-eabi/lib/thumb/v7e-m+fp/hard/libstdc++_nano.a(string-inst.o)
                              ./Src/main.o (std::__cxx11::basic_string<char, std::char_traits<char>, std::allocator<char> >::basic_string(char const*, std::allocator<char> const&))
/home/jm-liberty/st/stm32cubeide_2.0.0/plugins/com.st.stm32cube.ide.mcu.externaltools.gnu-tools-for-stm32.13.3.rel1.linux64_1.0.100.202509120712/tools/bin/../lib/gcc/arm-none-eabi/13.3.1/../../../../arm-none-eabi/lib/thumb/v7e-m+fp/hard/libstdc++_nano.a(del_op.o)
                              /home/jm-liberty/st/stm32cubeide_2.0.0/plugins/com.st.stm32cube.ide.mcu.externaltools.gnu-tools-for-stm32.13.3.rel1.linux64_1.0.100.202509120712/tools/bin/../lib/gcc/arm-none-eabi/13.3.1/../../../../arm-none-eabi/lib/thumb/v7e-m+fp/hard/libstdc++_nano.a(string-inst.o) (operator delete(void*))
/home/jm-liberty/st/stm32cubeide_2.0.0/plugins/com.st.stm32cube.ide.mcu.externaltools.gnu-tools-for-stm32.13.3.rel1.linux64_1.0.100.202509120712/tools/bin/../lib/gcc/arm-none-eabi/13.3.1/../../../../arm-none-eabi/lib/thumb/v7e-m+fp/hard/libstdc++_nano.a(new_op.o)
                              /home/jm-liberty/st/stm32cubeide_2.0.0/plugins/com.st.stm32cube.ide.mcu.externaltools.gnu-tools-for-stm32.13.3.rel1.linux64_1.0.100.202509120712/tools/bin/../lib/gcc/arm-none-eabi/13.3.1/../../../../arm-none-eabi/lib/thumb/v7e-m+fp/hard/libstdc++_nano.a(string-inst.o) (operator new(unsigned int))
/home/jm-liberty/st/stm32cubeide_2.0.0/plugins/com.st.stm32cube.ide.mcu.externaltools.gnu-tools-for-stm32.13.3.rel1.linux64_1.0.100.202509120712/tools/bin/../lib/gcc/arm-none-eabi/13.3.1/../../../../arm-none-eabi/lib/thumb/v7e-m+fp/hard/libstdc++_nano.a(functexcept.o)
                              /home/jm-liberty/st/stm32cubeide_2.0.0/plugins/com.st.stm32cube.ide.mcu.externaltools.gnu-tools-for-stm32.13.3.rel1.linux64_1.0.100.202509120712/tools/bin/../lib/gcc/arm-none-eabi/13.3.1/../../../../arm-none-eabi/lib/thumb/v7e-m+fp/hard/libstdc++_nano.a(string-inst.o) (std::__throw_bad_alloc())
/home/jm-liberty/st/stm32cubeide_2.0.0/plugins/com.st.stm32cube.ide.mcu.externaltools.gnu-tools-for-stm32.13.3.rel1.linux64_1.0.100.202509120712/tools/bin/../lib/gcc/arm-none-eabi/13.3.1/../../../../arm-none-eabi/lib/thumb/v7e-m+fp/hard/libstdc++_nano.a(new_handler.o)
                              /home/jm-liberty/st/stm32cubeide_2.0.0/plugins/com.st.stm32cube.ide.mcu.externaltools.gnu-tools-for-stm32.13.3.rel1.linux64_1.0.100.202509120712/tools/bin/../lib/gcc/arm-none-eabi/13.3.1/../../../../arm-none-eabi/lib/thumb/v7e-m+fp/hard/libstdc++_nano.a(new_op.o) (std::get_new_handler())
/home/jm-liberty/st/stm32cubeide_2.0.0/plugins/com.st.stm32cube.ide.mcu.externaltools.gnu-tools-for-stm32.13.3.rel1.linux64_1.0.100.202509120712/tools/bin/../lib/gcc/arm-none-eabi/13.3.1/../../../../arm-none-eabi/lib/thumb/v7e-m+fp/hard/libc_nano.a(libc_a-abort.o)
                              /home/jm-liberty/st/stm32cubeide_2.0.0/plugins/com.st.stm32cube.ide.mcu.externaltools.gnu-tools-for-stm32.13.3.rel1.linux64_1.0.100.202509120712/tools/bin/../lib/gcc/arm-none-eabi/13.3.1/../../../../arm-none-eabi/lib/thumb/v7e-m+fp/hard/libstdc++_nano.a(new_op.o) (abort)
/home/jm-liberty/st/stm32cubeide_2.0.0/plugins/com.st.stm32cube.ide.mcu.externaltools.gnu-tools-for-stm32.13.3.rel1.linux64_1.0.100.202509120712/tools/bin/../lib/gcc/arm-none-eabi/13.3.1/../../../../arm-none-eabi/lib/thumb/v7e-m+fp/hard/libc_nano.a(libc_a-exit.o)
                              /home/jm-liberty/st/stm32cubeide_2.0.0/plugins/com.st.stm32cube.ide.mcu.externaltools.gnu-tools-for-stm32.13.3.rel1.linux64_1.0.100.202509120712/tools/bin/../lib/gcc/arm-none-eabi/13.3.1/../../../../arm-none-eabi/lib/thumb/v7e-m+fp/hard/crt0.o (exit)
/home/jm-liberty/st/stm32cubeide_2.0.0/plugins/com.st.stm32cube.ide.mcu.externaltools.gnu-tools-for-stm32.13.3.rel1.linux64_1.0.100.202509120712/tools/bin/../lib/gcc/arm-none-eabi/13.3.1/../../../../arm-none-eabi/lib/thumb/v7e-m+fp/hard/libc_nano.a(libc_a-malloc.o)
                              /home/jm-liberty/st/stm32cubeide_2.0.0/plugins/com.st.stm32cube.ide.mcu.externaltools.gnu-tools-for-stm32.13.3.rel1.linux64_1.0.100.202509120712/tools/bin/../lib/gcc/arm-none-eabi/13.3.1/../../../../arm-none-eabi/lib/thumb/v7e-m+fp/hard/libstdc++_nano.a(new_op.o) (malloc)
/home/jm-liberty/st/stm32cubeide_2.0.0/plugins/com.st.stm32cube.ide.mcu.externaltools.gnu-tools-for-stm32.13.3.rel1.linux64_1.0.100.202509120712/tools/bin/../lib/gcc/arm-none-eabi/13.3.1/../../../../arm-none-eabi/lib/thumb/v7e-m+fp/hard/libc_nano.a(libc_a-mallocr.o)
[...]
Memory Configuration

Name             Origin             Length             Attributes
RAM              0x20000000         0x00020000         xrw
FLASH            0x08000000         0x00080000         xr
*default*        0x00000000         0xffffffff

Linker script and memory map

LOAD /home/jm-liberty/st/stm32cubeide_2.0.0/plugins/com.st.stm32cube.ide.mcu.externaltools.gnu-tools-for-stm32.13.3.rel1.linux64_1.0.100.202509120712/tools/bin/../lib/gcc/arm-none-eabi/13.3.1/thumb/v7e-m+fp/hard/crti.o
LOAD /home/jm-liberty/st/stm32cubeide_2.0.0/plugins/com.st.stm32cube.ide.mcu.externaltools.gnu-tools-for-stm32.13.3.rel1.linux64_1.0.100.202509120712/tools/bin/../lib/gcc/arm-none-eabi/13.3.1/thumb/v7e-m+fp/hard/crtbegin.o
LOAD /home/jm-liberty/st/stm32cubeide_2.0.0/plugins/com.st.stm32cube.ide.mcu.externaltools.gnu-tools-for-stm32.13.3.rel1.linux64_1.0.100.202509120712/tools/bin/../lib/gcc/arm-none-eabi/13.3.1/../../../../arm-none-eabi/lib/thumb/v7e-m+fp/hard/crt0.o
LOAD ./Src/adc.o
LOAD ./Src/main.o
LOAD ./Src/pwm.o
LOAD ./Src/syscalls.o
LOAD ./Src/sysmem.o
LOAD ./Src/system_stm32f4xx.o
LOAD ./Src/uart.o
LOAD ./Startup/startup_stm32f411retx.o
START GROUP
LOAD /home/jm-liberty/st/stm32cubeide_2.0.0/plugins/com.st.stm32cube.ide.mcu.externaltools.gnu-tools-for-stm32.13.3.rel1.linux64_1.0.100.202509120712/tools/bin/../lib/gcc/arm-none-eabi/13.3.1/../../../../arm-none-eabi/lib/thumb/v7e-m+fp/hard/libstdc++_nano.a
LOAD /home/jm-liberty/st/stm32cubeide_2.0.0/plugins/com.st.stm32cube.ide.mcu.externaltools.gnu-tools-for-stm32.13.3.rel1.linux64_1.0.100.202509120712/tools/bin/../lib/gcc/arm-none-eabi/13.3.1/../../../../arm-none-eabi/lib/thumb/v7e-m+fp/hard/libsupc++_nano.a
END GROUP
LOAD /home/jm-liberty/st/stm32cubeide_2.0.0/plugins/com.st.stm32cube.ide.mcu.externaltools.gnu-tools-for-stm32.13.3.rel1.linux64_1.0.100.202509120712/tools/bin/../lib/gcc/arm-none-eabi/13.3.1/../../../../arm-none-eabi/lib/thumb/v7e-m+fp/hard/libstdc++_nano.a
LOAD /home/jm-liberty/st/stm32cubeide_2.0.0/plugins/com.st.stm32cube.ide.mcu.externaltools.gnu-tools-for-stm32.13.3.rel1.linux64_1.0.100.202509120712/tools/bin/../lib/gcc/arm-none-eabi/13.3.1/../../../../arm-none-eabi/lib/thumb/v7e-m+fp/hard/libm.a
LOAD /home/jm-liberty/st/stm32cubeide_2.0.0/plugins/com.st.stm32cube.ide.mcu.externaltools.gnu-tools-for-stm32.13.3.rel1.linux64_1.0.100.202509120712/tools/bin/../lib/gcc/arm-none-eabi/13.3.1/../../../../arm-none-eabi/lib/thumb/v7e-m+fp/hard/libc_nano.a
START GROUP
LOAD /home/jm-liberty/st/stm32cubeide_2.0.0/plugins/com.st.stm32cube.ide.mcu.externaltools.gnu-tools-for-stm32.13.3.rel1.linux64_1.0.100.202509120712/tools/bin/../lib/gcc/arm-none-eabi/13.3.1/thumb/v7e-m+fp/hard/libgcc.a
LOAD /home/jm-liberty/st/stm32cubeide_2.0.0/plugins/com.st.stm32cube.ide.mcu.externaltools.gnu-tools-for-stm32.13.3.rel1.linux64_1.0.100.202509120712/tools/bin/../lib/gcc/arm-none-eabi/13.3.1/../../../../arm-none-eabi/lib/thumb/v7e-m+fp/hard/libc_nano.a
END GROUP
START GROUP
LOAD /home/jm-liberty/st/stm32cubeide_2.0.0/plugins/com.st.stm32cube.ide.mcu.externaltools.gnu-tools-for-stm32.13.3.rel1.linux64_1.0.100.202509120712/tools/bin/../lib/gcc/arm-none-eabi/13.3.1/thumb/v7e-m+fp/hard/libgcc.a
LOAD /home/jm-liberty/st/stm32cubeide_2.0.0/plugins/com.st.stm32cube.ide.mcu.externaltools.gnu-tools-for-stm32.13.3.rel1.linux64_1.0.100.202509120712/tools/bin/../lib/gcc/arm-none-eabi/13.3.1/../../../../arm-none-eabi/lib/thumb/v7e-m+fp/hard/libc_nano.a
LOAD /home/jm-liberty/st/stm32cubeide_2.0.0/plugins/com.st.stm32cube.ide.mcu.externaltools.gnu-tools-for-stm32.13.3.rel1.linux64_1.0.100.202509120712/tools/bin/../lib/gcc/arm-none-eabi/13.3.1/../../../../arm-none-eabi/lib/thumb/v7e-m+fp/hard/libnosys.a
END GROUP
START GROUP
LOAD /home/jm-liberty/st/stm32cubeide_2.0.0/plugins/com.st.stm32cube.ide.mcu.externaltools.gnu-tools-for-stm32.13.3.rel1.linux64_1.0.100.202509120712/tools/bin/../lib/gcc/arm-none-eabi/13.3.1/thumb/v7e-m+fp/hard/libgcc.a
LOAD /home/jm-liberty/st/stm32cubeide_2.0.0/plugins/com.st.stm32cube.ide.mcu.externaltools.gnu-tools-for-stm32.13.3.rel1.linux64_1.0.100.202509120712/tools/bin/../lib/gcc/arm-none-eabi/13.3.1/../../../../arm-none-eabi/lib/thumb/v7e-m+fp/hard/libc_nano.a
LOAD /home/jm-liberty/st/stm32cubeide_2.0.0/plugins/com.st.stm32cube.ide.mcu.externaltools.gnu-tools-for-stm32.13.3.rel1.linux64_1.0.100.202509120712/tools/bin/../lib/gcc/arm-none-eabi/13.3.1/../../../../arm-none-eabi/lib/thumb/v7e-m+fp/hard/libnosys.a
END GROUP
LOAD /home/jm-liberty/st/stm32cubeide_2.0.0/plugins/com.st.stm32cube.ide.mcu.externaltools.gnu-tools-for-stm32.13.3.rel1.linux64_1.0.100.202509120712/tools/bin/../lib/gcc/arm-none-eabi/13.3.1/thumb/v7e-m+fp/hard/crtend.o
LOAD /home/jm-liberty/st/stm32cubeide_2.0.0/plugins/com.st.stm32cube.ide.mcu.externaltools.gnu-tools-for-stm32.13.3.rel1.linux64_1.0.100.202509120712/tools/bin/../lib/gcc/arm-none-eabi/13.3.1/thumb/v7e-m+fp/hard/crtn.o
                0x20020000                        _estack = (ORIGIN (RAM) + LENGTH (RAM))
                0x00000200                        _Min_Heap_Size = 0x200
                0x00000400                        _Min_Stack_Size = 0x400

.isr_vector     0x08000000      0x198
                0x08000000                        . = ALIGN (0x4)
 *(.isr_vector)
 .isr_vector    0x08000000      0x198 ./Startup/startup_stm32f411retx.o
                0x08000000                g_pfnVectors
                0x08000198                        . = ALIGN (0x4)

.text           0x080001a0     0x1210
                0x080001a0                        . = ALIGN (0x4)
 *(.text)
 .text          0x080001a0       0x40 /home/jm-liberty/st/stm32cubeide_2.0.0/plugins/com.st.stm32cube.ide.mcu.externaltools.gnu-tools-for-stm32.13.3.rel1.linux64_1.0.100.202509120712/tools/bin/../lib/gcc/arm-none-eabi/13.3.1/thumb/v7e-m+fp/hard/crtbegin.o
 .text          0x080001e0       0xa0 /home/jm-liberty/st/stm32cubeide_2.0.0/plugins/com.st.stm32cube.ide.mcu.externaltools.gnu-tools-for-stm32.13.3.rel1.linux64_1.0.100.202509120712/tools/bin/../lib/gcc/arm-none-eabi/13.3.1/../../../../arm-none-eabi/lib/thumb/v7e-m+fp/hard/libc_nano.a(libc_a-memchr.o)
                0x080001e0                memchr
 .text          0x08000280       0x10 /home/jm-liberty/st/stm32cubeide_2.0.0/plugins/com.st.stm32cube.ide.mcu.externaltools.gnu-tools-for-stm32.13.3.rel1.linux64_1.0.100.202509120712/tools/bin/../lib/gcc/arm-none-eabi/13.3.1/../../../../arm-none-eabi/lib/thumb/v7e-m+fp/hard/libc_nano.a(libc_a-strlen.o)
                0x08000280                strlen
 *(.text*)
 .text._Z12pal_adc_initv
                0x08000290       0x94 ./Src/adc.o
                0x08000290                pal_adc_init()
 .text._Z18start_conversationv
                0x08000324       0x2c ./Src/adc.o
                0x08000324                start_conversation()
 .text._Z8adc_readv
                0x08000350       0x30 ./Src/adc.o
                0x08000350                adc_read()
 .text._Z6_delaym
                0x08000380       0x2c ./Src/main.o
                0x08000380                _delay(unsigned long)
 .text.main     0x080003ac       0xf8 ./Src/main.o
                0x080003ac                main
 .text._Z10uart_writeILj19EEvRAT__Kc
                0x080004a4       0x18 ./Src/main.o
                0x080004a4                void uart_write<19u>(char const (&) [19u])
 .text._ZNSt15__new_allocatorIcED2Ev
                0x080004bc       0x16 ./Src/main.o
                0x080004bc                std::__new_allocator<char>::~__new_allocator()
                0x080004bc                std::__new_allocator<char>::~__new_allocator()
 *fill*         0x080004d2        0x2 
 .text._Z8pwm_initv
                0x080004d4       0x54 ./Src/pwm.o
                0x080004d4                pwm_init()
 .text._Z14pwm_timer_initv
                0x08000528       0x88 ./Src/pwm.o
                0x08000528                pwm_timer_init()
 .text._getpid  0x080005b0       0x10 ./Src/syscalls.o
                0x080005b0                _getpid
 .text._kill    0x080005c0       0x20 ./Src/syscalls.o
                0x080005c0                _kill
 .text._exit    0x080005e0       0x16 ./Src/syscalls.o
                0x080005e0                _exit
 *fill*         0x080005f6        0x2 
 .text._sbrk    0x080005f8       0x6c ./Src/sysmem.o
                0x080005f8                _sbrk
 .text.SystemInit
                0x08000664       0x24 ./Src/system_stm32f4xx.o
                0x08000664                SystemInit
 .text._Z9uart_initv
                0x08000688       0x94 ./Src/uart.o
                0x08000688                uart_init()
 .text._Z16uart_write_nbytei
                0x0800071c       0x38 ./Src/uart.o
                0x0800071c                uart_write_nbyte(int)
 .text._Z17uart_write_stringPKc
                0x08000754       0x2c ./Src/uart.o
                0x08000754                uart_write_string(char const*)
 .text._Z10uart_writePKcj
                0x08000780       0x54 ./Src/uart.o
                0x08000780                uart_write(char const*, unsigned int)
 .text._ZL15compute_uart_bdmm
                0x080007d4       0x26 ./Src/uart.o
 *fill*         0x080007fa        0x2 
 .text._ZL17uart_set_baudratemm
                0x080007fc       0x28 ./Src/uart.o
 .text.Reset_Handler
                0x08000824       0x50 ./Startup/startup_stm32f411retx.o
                0x08000824                Reset_Handler
 .text.Default_Handler
                0x08000874        0x2 ./Startup/startup_stm32f411retx.o
                0x08000874                RTC_Alarm_IRQHandler
                0x08000874                EXTI2_IRQHandler
                0x08000874                DebugMon_Handler
                0x08000874                SPI4_IRQHandler
                0x08000874                TIM1_CC_IRQHandler
                0x08000874                DMA2_Stream5_IRQHandler
                0x08000874                HardFault_Handler
                0x08000874                DMA1_Stream5_IRQHandler
                0x08000874                SysTick_Handler
                0x08000874                PVD_IRQHandler
                0x08000874                SDIO_IRQHandler
                0x08000874                TAMP_STAMP_IRQHandler
                0x08000874                PendSV_Handler
                0x08000874                NMI_Handler
                0x08000874                EXTI3_IRQHandler
                0x08000874                TIM1_UP_TIM10_IRQHandler
                0x08000874                I2C3_ER_IRQHandler
                0x08000874                EXTI0_IRQHandler
                0x08000874                I2C2_EV_IRQHandler
                0x08000874                DMA1_Stream2_IRQHandler
                0x08000874                UsageFault_Handler
                0x08000874                DMA2_Stream2_IRQHandler
                0x08000874                SPI1_IRQHandler
                0x08000874                TIM1_BRK_TIM9_IRQHandler
                0x08000874                DMA2_Stream3_IRQHandler
                0x08000874                USART6_IRQHandler
                0x08000874                DMA2_Stream0_IRQHandler
                0x08000874                TIM4_IRQHandler
                0x08000874                I2C1_EV_IRQHandler
                0x08000874                DMA1_Stream6_IRQHandler
                0x08000874                DMA1_Stream1_IRQHandler
                0x08000874                TIM3_IRQHandler
                0x08000874                RCC_IRQHandler
                0x08000874                Default_Handler
                0x08000874                EXTI15_10_IRQHandler
                0x08000874                ADC_IRQHandler
                0x08000874                DMA1_Stream7_IRQHandler
                0x08000874                SPI5_IRQHandler
                0x08000874                TIM5_IRQHandler
                0x08000874                DMA2_Stream7_IRQHandler
                0x08000874                I2C3_EV_IRQHandler
                0x08000874                EXTI9_5_IRQHandler
                0x08000874                RTC_WKUP_IRQHandler
                0x08000874                SPI2_IRQHandler
                0x08000874                MemManage_Handler
                0x08000874                DMA1_Stream0_IRQHandler
                0x08000874                SVC_Handler
                0x08000874                EXTI4_IRQHandler
                0x08000874                WWDG_IRQHandler
                0x08000874                TIM2_IRQHandler
                0x08000874                OTG_FS_WKUP_IRQHandler
                0x08000874                TIM1_TRG_COM_TIM11_IRQHandler
                0x08000874                EXTI1_IRQHandler
                0x08000874                USART2_IRQHandler
                0x08000874                I2C2_ER_IRQHandler
                0x08000874                DMA2_Stream1_IRQHandler
                0x08000874                FLASH_IRQHandler
                0x08000874                DMA2_Stream4_IRQHandler
                0x08000874                BusFault_Handler
                0x08000874                USART1_IRQHandler
                0x08000874                OTG_FS_IRQHandler
                0x08000874                SPI3_IRQHandler
                0x08000874                DMA1_Stream4_IRQHandler
                0x08000874                I2C1_ER_IRQHandler
                0x08000874                DMA2_Stream6_IRQHandler
                0x08000874                DMA1_Stream3_IRQHandler
 .text._ZNSt11char_traitsIcE4copyEPcPKcj.isra.0
                0x08000876        0x8 /home/jm-liberty/st/stm32cubeide_2.0.0/plugins/com.st.stm32cube.ide.mcu.externaltools.gnu-tools-for-stm32.13.3.rel1.linux64_1.0.100.202509120712/tools/bin/../lib/gcc/arm-none-eabi/13.3.1/../../../../arm-none-eabi/lib/thumb/v7e-m+fp/hard/libstdc++_nano.a(string-inst.o)
 .text._ZNSt7__cxx1112basic_stringIcSt11char_traitsIcESaIcEE11_S_allocateERS3_j
                0x0800087e       0x12 /home/jm-liberty/st/stm32cubeide_2.0.0/plugins/com.st.stm32cube.ide.mcu.externaltools.gnu-tools-for-stm32.13.3.rel1.linux64_1.0.100.202509120712/tools/bin/../lib/gcc/arm-none-eabi/13.3.1/../../../../arm-none-eabi/lib/thumb/v7e-m+fp/hard/libstdc++_nano.a(string-inst.o)
                0x0800087e                std::__cxx11::basic_string<char, std::char_traits<char>, std::allocator<char> >::_S_allocate(std::allocator<char>&, unsigned int)
 .text._ZNSt7__cxx1112basic_stringIcSt11char_traitsIcESaIcEE9_M_createERjj
                0x08000890       0x3c /home/jm-liberty/st/stm32cubeide_2.0.0/plugins/com.st.stm32cube.ide.mcu.externaltools.gnu-tools-for-stm32.13.3.rel1.linux64_1.0.100.202509120712/tools/bin/../lib/gcc/arm-none-eabi/13.3.1/../../../../arm-none-eabi/lib/thumb/v7e-m+fp/hard/libstdc++_nano.a(string-inst.o)
                0x08000890                std::__cxx11::basic_string<char, std::char_traits<char>, std::allocator<char> >::_M_create(unsigned int&, unsigned int)
 .text._ZNSt7__cxx1112basic_stringIcSt11char_traitsIcESaIcEE7_S_copyEPcPKcj
                0x080008cc       0x18 /home/jm-liberty/st/stm32cubeide_2.0.0/plugins/com.st.stm32cube.ide.mcu.externaltools.gnu-tools-for-stm32.13.3.rel1.linux64_1.0.100.202509120712/tools/bin/../lib/gcc/arm-none-eabi/13.3.1/../../../../arm-none-eabi/lib/thumb/v7e-m+fp/hard/libstdc++_nano.a(string-inst.o)
                0x080008cc                std::__cxx11::basic_string<char, std::char_traits<char>, std::allocator<char> >::_S_copy(char*, char const*, unsigned int)
 .text._ZNSt7__cxx1112basic_stringIcSt11char_traitsIcESaIcEE13_S_copy_charsEPcPKcS7_
                0x080008e4        0xa /home/jm-liberty/st/stm32cubeide_2.0.0/plugins/com.st.stm32cube.ide.mcu.externaltools.gnu-tools-for-stm32.13.3.rel1.linux64_1.0.100.202509120712/tools/bin/../lib/gcc/arm-none-eabi/13.3.1/../../../../arm-none-eabi/lib/thumb/v7e-m+fp/hard/libstdc++_nano.a(string-inst.o)
                0x080008e4                std::__cxx11::basic_string<char, std::char_traits<char>, std::allocator<char> >::_S_copy_chars(char*, char const*, char const*)
 .text._ZNSt7__cxx1112basic_stringIcSt11char_traitsIcESaIcEE12_M_constructIPKcEEvT_S8_St20forward_iterator_tag
                0x080008ee       0x36 /home/jm-liberty/st/stm32cubeide_2.0.0/plugins/com.st.stm32cube.ide.mcu.externaltools.gnu-tools-for-stm32.13.3.rel1.linux64_1.0.100.202509120712/tools/bin/../lib/gcc/arm-none-eabi/13.3.1/../../../../arm-none-eabi/lib/thumb/v7e-m+fp/hard/libstdc++_nano.a(string-inst.o)
                0x080008ee                void std::__cxx11::basic_string<char, std::char_traits<char>, std::allocator<char> >::_M_construct<char const*>(char const*, char const*, std::forward_iterator_tag)
 .text._ZNSt7__cxx1112basic_stringIcSt11char_traitsIcESaIcEEC2EPKcRKS3_
                0x08000924       0x30 /home/jm-liberty/st/stm32cubeide_2.0.0/plugins/com.st.stm32cube.ide.mcu.externaltools.gnu-tools-for-stm32.13.3.rel1.linux64_1.0.100.202509120712/tools/bin/../lib/gcc/arm-none-eabi/13.3.1/../../../../arm-none-eabi/lib/thumb/v7e-m+fp/hard/libstdc++_nano.a(string-inst.o)
                0x08000924                std::__cxx11::basic_string<char, std::char_traits<char>, std::allocator<char> >::basic_string(char const*, std::allocator<char> const&)
                0x08000924                std::__cxx11::basic_string<char, std::char_traits<char>, std::allocator<char> >::basic_string(char const*, std::allocator<char> const&)
 .text._Znwj    0x08000954       0x22 /home/jm-liberty/st/stm32cubeide_2.0.0/plugins/com.st.stm32cube.ide.mcu.externaltools.gnu-tools-for-stm32.13.3.rel1.linux64_1.0.100.202509120712/tools/bin/../lib/gcc/arm-none-eabi/13.3.1/../../../../arm-none-eabi/lib/thumb/v7e-m+fp/hard/libstdc++_nano.a(new_op.o)
                0x08000954                operator new(unsigned int)
 .text.unlikely._ZSt17__throw_bad_allocv
                0x08000976        0x6 /home/jm-liberty/st/stm32cubeide_2.0.0/plugins/com.st.stm32cube.ide.mcu.externaltools.gnu-tools-for-stm32.13.3.rel1.linux64_1.0.100.202509120712/tools/bin/../lib/gcc/arm-none-eabi/13.3.1/../../../../arm-none-eabi/lib/thumb/v7e-m+fp/hard/libstdc++_nano.a(functexcept.o)
                0x08000976                std::__throw_bad_alloc()
 .text.unlikely._ZSt19__throw_logic_errorPKc
                0x0800097c        0x6 /home/jm-liberty/st/stm32cubeide_2.0.0/plugins/com.st.stm32cube.ide.mcu.externaltools.gnu-tools-for-stm32.13.3.rel1.linux64_1.0.100.202509120712/tools/bin/../lib/gcc/arm-none-eabi/13.3.1/../../../../arm-none-eabi/lib/thumb/v7e-m+fp/hard/libstdc++_nano.a(functexcept.o)
                0x0800097c                std::__throw_logic_error(char const*)
 .text.unlikely._ZSt20__throw_length_errorPKc
                0x08000982        0x6 /home/jm-liberty/st/stm32cubeide_2.0.0/plugins/com.st.stm32cube.ide.mcu.externaltools.gnu-tools-for-stm32.13.3.rel1.linux64_1.0.100.202509120712/tools/bin/../lib/gcc/arm-none-eabi/13.3.1/../../../../arm-none-eabi/lib/thumb/v7e-m+fp/hard/libstdc++_nano.a(functexcept.o)
                0x08000982                std::__throw_length_error(char const*)
 .text._ZSt15get_new_handlerv
                0x08000988       0x10 /home/jm-liberty/st/stm32cubeide_2.0.0/plugins/com.st.stm32cube.ide.mcu.externaltools.gnu-tools-for-stm32.13.3.rel1.linux64_1.0.100.202509120712/tools/bin/../lib/gcc/arm-none-eabi/13.3.1/../../../../arm-none-eabi/lib/thumb/v7e-m+fp/hard/libstdc++_nano.a(new_handler.o)
                0x08000988                std::get_new_handler()
 .text.abort    0x08000998        0xe /home/jm-liberty/st/stm32cubeide_2.0.0/plugins/com.st.stm32cube.ide.mcu.externaltools.gnu-tools-for-stm32.13.3.rel1.linux64_1.0.100.202509120712/tools/bin/../lib/gcc/arm-none-eabi/13.3.1/../../../../arm-none-eabi/lib/thumb/v7e-m+fp/hard/libc_nano.a(libc_a-abort.o)
                0x08000998                abort
 *fill*         0x080009a6        0x2 
 .text.malloc   0x080009a8       0x10 /home/jm-liberty/st/stm32cubeide_2.0.0/plugins/com.st.stm32cube.ide.mcu.externaltools.gnu-tools-for-stm32.13.3.rel1.linux64_1.0.100.202509120712/tools/bin/../lib/gcc/arm-none-eabi/13.3.1/../../../../arm-none-eabi/lib/thumb/v7e-m+fp/hard/libc_nano.a(libc_a-malloc.o)
                0x080009a8                malloc
 .text.sbrk_aligned
                0x080009b8       0x44 /home/jm-liberty/st/stm32cubeide_2.0.0/plugins/com.st.stm32cube.ide.mcu.externaltools.gnu-tools-for-stm32.13.3.rel1.linux64_1.0.100.202509120712/tools/bin/../lib/gcc/arm-none-eabi/13.3.1/../../../../arm-none-eabi/lib/thumb/v7e-m+fp/hard/libc_nano.a(libc_a-mallocr.o)
 .text._malloc_r
                0x080009fc      0x100 /home/jm-liberty/st/stm32cubeide_2.0.0/plugins/com.st.stm32cube.ide.mcu.externaltools.gnu-tools-for-stm32.13.3.rel1.linux64_1.0.100.202509120712/tools/bin/../lib/gcc/arm-none-eabi/13.3.1/../../../../arm-none-eabi/lib/thumb/v7e-m+fp/hard/libc_nano.a(libc_a-mallocr.o)
                0x080009fc                _malloc_r
 .text.__malloc_lock
                0x08000afc        0xc /home/jm-liberty/st/stm32cubeide_2.0.0/plugins/com.st.stm32cube.ide.mcu.externaltools.gnu-tools-for-stm32.13.3.rel1.linux64_1.0.100.202509120712/tools/bin/../lib/gcc/arm-none-eabi/13.3.1/../../../../arm-none-eabi/lib/thumb/v7e-m+fp/hard/libc_nano.a(libc_a-mlock.o)
                0x08000afc                __malloc_lock
 .text.__malloc_unlock
                0x08000b08        0xc /home/jm-liberty/st/stm32cubeide_2.0.0/plugins/com.st.stm32cube.ide.mcu.externaltools.gnu-tools-for-stm32.13.3.rel1.linux64_1.0.100.202509120712/tools/bin/../lib/gcc/arm-none-eabi/13.3.1/../../../../arm-none-eabi/lib/thumb/v7e-m+fp/hard/libc_nano.a(libc_a-mlock.o)
                0x08000b08                __malloc_unlock
 .text.snprintf
                0x08000b14       0x6c /home/jm-liberty/st/stm32cubeide_2.0.0/plugins/com.st.stm32cube.ide.mcu.externaltools.gnu-tools-for-stm32.13.3.rel1.linux64_1.0.100.202509120712/tools/bin/../lib/gcc/arm-none-eabi/13.3.1/../../../../arm-none-eabi/lib/thumb/v7e-m+fp/hard/libc_nano.a(libc_a-snprintf.o)
                0x08000b14                snprintf
                0x08000b14                sniprintf
 .text.memmove  0x08000b80       0x34 /home/jm-liberty/st/stm32cubeide_2.0.0/plugins/com.st.stm32cube.ide.mcu.externaltools.gnu-tools-for-stm32.13.3.rel1.linux64_1.0.100.202509120712/tools/bin/../lib/gcc/arm-none-eabi/13.3.1/../../../../arm-none-eabi/lib/thumb/v7e-m+fp/hard/libc_nano.a(libc_a-memmove.o)
                0x08000b80                memmove
 .text._raise_r
                0x08000bb4       0x50 /home/jm-liberty/st/stm32cubeide_2.0.0/plugins/com.st.stm32cube.ide.mcu.externaltools.gnu-tools-for-stm32.13.3.rel1.linux64_1.0.100.202509120712/tools/bin/../lib/gcc/arm-none-eabi/13.3.1/../../../../arm-none-eabi/lib/thumb/v7e-m+fp/hard/libc_nano.a(libc_a-signal.o)
                0x08000bb4                _raise_r
 .text.raise    0x08000c04       0x10 /home/jm-liberty/st/stm32cubeide_2.0.0/plugins/com.st.stm32cube.ide.mcu.externaltools.gnu-tools-for-stm32.13.3.rel1.linux64_1.0.100.202509120712/tools/bin/../lib/gcc/arm-none-eabi/13.3.1/../../../../arm-none-eabi/lib/thumb/v7e-m+fp/hard/libc_nano.a(libc_a-signal.o)
                0x08000c04                raise
 .text._kill_r  0x08000c14       0x24 /home/jm-liberty/st/stm32cubeide_2.0.0/plugins/com.st.stm32cube.ide.mcu.externaltools.gnu-tools-for-stm32.13.3.rel1.linux64_1.0.100.202509120712/tools/bin/../lib/gcc/arm-none-eabi/13.3.1/../../../../arm-none-eabi/lib/thumb/v7e-m+fp/hard/libc_nano.a(libc_a-signalr.o)
                0x08000c14                _kill_r
 .text._getpid_r
                0x08000c38        0x4 /home/jm-liberty/st/stm32cubeide_2.0.0/plugins/com.st.stm32cube.ide.mcu.externaltools.gnu-tools-for-stm32.13.3.rel1.linux64_1.0.100.202509120712/tools/bin/../lib/gcc/arm-none-eabi/13.3.1/../../../../arm-none-eabi/lib/thumb/v7e-m+fp/hard/libc_nano.a(libc_a-signalr.o)
                0x08000c38                _getpid_r
 .text._sbrk_r  0x08000c3c       0x20 /home/jm-liberty/st/stm32cubeide_2.0.0/plugins/com.st.stm32cube.ide.mcu.externaltools.gnu-tools-for-stm32.13.3.rel1.linux64_1.0.100.202509120712/tools/bin/../lib/gcc/arm-none-eabi/13.3.1/../../../../arm-none-eabi/lib/thumb/v7e-m+fp/hard/libc_nano.a(libc_a-sbrkr.o)
                0x08000c3c                _sbrk_r
 .text.__errno  0x08000c5c        0xc /home/jm-liberty/st/stm32cubeide_2.0.0/plugins/com.st.stm32cube.ide.mcu.externaltools.gnu-tools-for-stm32.13.3.rel1.linux64_1.0.100.202509120712/tools/bin/../lib/gcc/arm-none-eabi/13.3.1/../../../../arm-none-eabi/lib/thumb/v7e-m+fp/hard/libc_nano.a(libc_a-errno.o)
                0x08000c5c                __errno
 .text.__libc_init_array
                0x08000c68       0x48 /home/jm-liberty/st/stm32cubeide_2.0.0/plugins/com.st.stm32cube.ide.mcu.externaltools.gnu-tools-for-stm32.13.3.rel1.linux64_1.0.100.202509120712/tools/bin/../lib/gcc/arm-none-eabi/13.3.1/../../../../arm-none-eabi/lib/thumb/v7e-m+fp/hard/libc_nano.a(libc_a-init.o)
                0x08000c68                __libc_init_array
 .text.__retarget_lock_acquire_recursive
                0x08000cb0        0x2 /home/jm-liberty/st/stm32cubeide_2.0.0/plugins/com.st.stm32cube.ide.mcu.externaltools.gnu-tools-for-stm32.13.3.rel1.linux64_1.0.100.202509120712/tools/bin/../lib/gcc/arm-none-eabi/13.3.1/../../../../arm-none-eabi/lib/thumb/v7e-m+fp/hard/libc_nano.a(libc_a-lock.o)
                0x08000cb0                __retarget_lock_acquire_recursive
 .text.__retarget_lock_release_recursive
                0x08000cb2        0x2 /home/jm-liberty/st/stm32cubeide_2.0.0/plugins/com.st.stm32cube.ide.mcu.externaltools.gnu-tools-for-stm32.13.3.rel1.linux64_1.0.100.202509120712/tools/bin/../lib/gcc/arm-none-eabi/13.3.1/../../../../arm-none-eabi/lib/thumb/v7e-m+fp/hard/libc_nano.a(libc_a-lock.o)
                0x08000cb2                __retarget_lock_release_recursive
 .text.memcpy   0x08000cb4       0x1c /home/jm-liberty/st/stm32cubeide_2.0.0/plugins/com.st.stm32cube.ide.mcu.externaltools.gnu-tools-for-stm32.13.3.rel1.linux64_1.0.100.202509120712/tools/bin/../lib/gcc/arm-none-eabi/13.3.1/../../../../arm-none-eabi/lib/thumb/v7e-m+fp/hard/libc_nano.a(libc_a-memcpy-stub.o)
                0x08000cb4                memcpy
 .text._free_r  0x08000cd0       0x94 /home/jm-liberty/st/stm32cubeide_2.0.0/plugins/com.st.stm32cube.ide.mcu.externaltools.gnu-tools-for-stm32.13.3.rel1.linux64_1.0.100.202509120712/tools/bin/../lib/gcc/arm-none-eabi/13.3.1/../../../../arm-none-eabi/lib/thumb/v7e-m+fp/hard/libc_nano.a(libc_a-freer.o)
                0x08000cd0                _free_r
 .text.__ssputs_r
                0x08000d64       0xb6 /home/jm-liberty/st/stm32cubeide_2.0.0/plugins/com.st.stm32cube.ide.mcu.externaltools.gnu-tools-for-stm32.13.3.rel1.linux64_1.0.100.202509120712/tools/bin/../lib/gcc/arm-none-eabi/13.3.1/../../../../arm-none-eabi/lib/thumb/v7e-m+fp/hard/libc_nano.a(libc_a-nano-svfprintf.o)
                0x08000d64                __ssputs_r
 *fill*         0x08000e1a        0x2 
 .text._svfprintf_r
                0x08000e1c      0x1f8 /home/jm-liberty/st/stm32cubeide_2.0.0/plugins/com.st.stm32cube.ide.mcu.externaltools.gnu-tools-for-stm32.13.3.rel1.linux64_1.0.100.202509120712/tools/bin/../lib/gcc/arm-none-eabi/13.3.1/../../../../arm-none-eabi/lib/thumb/v7e-m+fp/hard/libc_nano.a(libc_a-nano-svfprintf.o)
                0x08000e1c                _svfprintf_r
                0x08000e1c                _svfiprintf_r
 .text._printf_common
                0x08001014       0xda /home/jm-liberty/st/stm32cubeide_2.0.0/plugins/com.st.stm32cube.ide.mcu.externaltools.gnu-tools-for-stm32.13.3.rel1.linux64_1.0.100.202509120712/tools/bin/../lib/gcc/arm-none-eabi/13.3.1/../../../../arm-none-eabi/lib/thumb/v7e-m+fp/hard/libc_nano.a(libc_a-nano-vfprintf_i.o)
                0x08001014                _printf_common
 *fill*         0x080010ee        0x2 
 .text._printf_i
                0x080010f0      0x23c /home/jm-liberty/st/stm32cubeide_2.0.0/plugins/com.st.stm32cube.ide.mcu.externaltools.gnu-tools-for-stm32.13.3.rel1.linux64_1.0.100.202509120712/tools/bin/../lib/gcc/arm-none-eabi/13.3.1/../../../../arm-none-eabi/lib/thumb/v7e-m+fp/hard/libc_nano.a(libc_a-nano-vfprintf_i.o)
                0x080010f0                _printf_i
 .text._realloc_r
                0x0800132c       0x5c /home/jm-liberty/st/stm32cubeide_2.0.0/plugins/com.st.stm32cube.ide.mcu.externaltools.gnu-tools-for-stm32.13.3.rel1.linux64_1.0.100.202509120712/tools/bin/../lib/gcc/arm-none-eabi/13.3.1/../../../../arm-none-eabi/lib/thumb/v7e-m+fp/hard/libc_nano.a(libc_a-reallocr.o)
                0x0800132c                _realloc_r
 .text._malloc_usable_size_r
                0x08001388       0x10 /home/jm-liberty/st/stm32cubeide_2.0.0/plugins/com.st.stm32cube.ide.mcu.externaltools.gnu-tools-for-stm32.13.3.rel1.linux64_1.0.100.202509120712/tools/bin/../lib/gcc/arm-none-eabi/13.3.1/../../../../arm-none-eabi/lib/thumb/v7e-m+fp/hard/libc_nano.a(libc_a-msizer.o)
                0x08001388                _malloc_usable_size_r
 *(.glue_7)
 .glue_7        0x08001398        0x0 linker stubs
 *(.glue_7t)
 .glue_7t       0x08001398        0x0 linker stubs
 *(.eh_frame)
 .eh_frame      0x08001398        0x0 /home/jm-liberty/st/stm32cubeide_2.0.0/plugins/com.st.stm32cube.ide.mcu.externaltools.gnu-tools-for-stm32.13.3.rel1.linux64_1.0.100.202509120712/tools/bin/../lib/gcc/arm-none-eabi/13.3.1/thumb/v7e-m+fp/hard/crtbegin.o
 *(.init)
 .init          0x08001398        0x4 /home/jm-liberty/st/stm32cubeide_2.0.0/plugins/com.st.stm32cube.ide.mcu.externaltools.gnu-tools-for-stm32.13.3.rel1.linux64_1.0.100.202509120712/tools/bin/../lib/gcc/arm-none-eabi/13.3.1/thumb/v7e-m+fp/hard/crti.o
                0x08001398                _init
 .init          0x0800139c        0x8 /home/jm-liberty/st/stm32cubeide_2.0.0/plugins/com.st.stm32cube.ide.mcu.externaltools.gnu-tools-for-stm32.13.3.rel1.linux64_1.0.100.202509120712/tools/bin/../lib/gcc/arm-none-eabi/13.3.1/thumb/v7e-m+fp/hard/crtn.o
 *(.fini)
 .fini          0x080013a4        0x4 /home/jm-liberty/st/stm32cubeide_2.0.0/plugins/com.st.stm32cube.ide.mcu.externaltools.gnu-tools-for-stm32.13.3.rel1.linux64_1.0.100.202509120712/tools/bin/../lib/gcc/arm-none-eabi/13.3.1/thumb/v7e-m+fp/hard/crti.o
                0x080013a4                _fini
 .fini          0x080013a8        0x8 /home/jm-liberty/st/stm32cubeide_2.0.0/plugins/com.st.stm32cube.ide.mcu.externaltools.gnu-tools-for-stm32.13.3.rel1.linux64_1.0.100.202509120712/tools/bin/../lib/gcc/arm-none-eabi/13.3.1/thumb/v7e-m+fp/hard/crtn.o
                0x080013b0                        . = ALIGN (0x4)
                0x080013b0                        _etext = .

.vfp11_veneer   0x080013b0        0x0
 .vfp11_veneer  0x080013b0        0x0 linker stubs

.v4_bx          0x080013b0        0x0
 .v4_bx         0x080013b0        0x0 linker stubs

.iplt           0x080013b0        0x0
 .iplt          0x080013b0        0x0 /home/jm-liberty/st/stm32cubeide_2.0.0/plugins/com.st.stm32cube.ide.mcu.externaltools.gnu-tools-for-stm32.13.3.rel1.linux64_1.0.100.202509120712/tools/bin/../lib/gcc/arm-none-eabi/13.3.1/thumb/v7e-m+fp/hard/crtbegin.o

.rodata         0x080013b0       0xb8
                0x080013b0                        . = ALIGN (0x4)
 *(.rodata)
 .rodata        0x080013b0       0x38 ./Src/main.o
 *(.rodata*)
 .rodata._ZNSt7__cxx1112basic_stringIcSt11char_traitsIcESaIcEE9_M_createERjj.str1.1
                0x080013e8       0x7d /home/jm-liberty/st/stm32cubeide_2.0.0/plugins/com.st.stm32cube.ide.mcu.externaltools.gnu-tools-for-stm32.13.3.rel1.linux64_1.0.100.202509120712/tools/bin/../lib/gcc/arm-none-eabi/13.3.1/../../../../arm-none-eabi/lib/thumb/v7e-m+fp/hard/libstdc++_nano.a(string-inst.o)
                                 0x18 (size before relaxing)
 .rodata._ZNSt7__cxx1112basic_stringIcSt11char_traitsIcESaIcEEC2EPKcjRKS3_.str1.1
                0x08001465        0x0 /home/jm-liberty/st/stm32cubeide_2.0.0/plugins/com.st.stm32cube.ide.mcu.externaltools.gnu-tools-for-stm32.13.3.rel1.linux64_1.0.100.202509120712/tools/bin/../lib/gcc/arm-none-eabi/13.3.1/../../../../arm-none-eabi/lib/thumb/v7e-m+fp/hard/libstdc++_nano.a(string-inst.o)
                                 0x32 (size before relaxing)
 .rodata._svfprintf_r.str1.1
                0x08001465        0x0 /home/jm-liberty/st/stm32cubeide_2.0.0/plugins/com.st.stm32cube.ide.mcu.externaltools.gnu-tools-for-stm32.13.3.rel1.linux64_1.0.100.202509120712/tools/bin/../lib/gcc/arm-none-eabi/13.3.1/../../../../arm-none-eabi/lib/thumb/v7e-m+fp/hard/libc_nano.a(libc_a-nano-svfprintf.o)
                                 0x11 (size before relaxing)
 .rodata._printf_i.str1.1
                0x08001465        0x0 /home/jm-liberty/st/stm32cubeide_2.0.0/plugins/com.st.stm32cube.ide.mcu.externaltools.gnu-tools-for-stm32.13.3.rel1.linux64_1.0.100.202509120712/tools/bin/../lib/gcc/arm-none-eabi/13.3.1/../../../../arm-none-eabi/lib/thumb/v7e-m+fp/hard/libc_nano.a(libc_a-nano-vfprintf_i.o)
                                 0x22 (size before relaxing)
                0x08001468                        . = ALIGN (0x4)
 *fill*         0x08001465        0x3 

.ARM.extab      0x08001468        0x0
                0x08001468                        . = ALIGN (0x4)
 *(.ARM.extab* .gnu.linkonce.armextab.*)
                0x08001468                        . = ALIGN (0x4)

.ARM            0x08001468        0x8
                0x08001468                        . = ALIGN (0x4)
                0x08001468                        __exidx_start = .
 *(.ARM.exidx*)
 .ARM.exidx     0x08001468        0x8 /home/jm-liberty/st/stm32cubeide_2.0.0/plugins/com.st.stm32cube.ide.mcu.externaltools.gnu-tools-for-stm32.13.3.rel1.linux64_1.0.100.202509120712/tools/bin/../lib/gcc/arm-none-eabi/13.3.1/../../../../arm-none-eabi/lib/thumb/v7e-m+fp/hard/libc_nano.a(libc_a-memchr.o)
 .ARM.exidx     0x08001470        0x0 /home/jm-liberty/st/stm32cubeide_2.0.0/plugins/com.st.stm32cube.ide.mcu.externaltools.gnu-tools-for-stm32.13.3.rel1.linux64_1.0.100.202509120712/tools/bin/../lib/gcc/arm-none-eabi/13.3.1/../../../../arm-none-eabi/lib/thumb/v7e-m+fp/hard/libc_nano.a(libc_a-strlen.o)
                                  0x8 (size before relaxing)
                0x08001470                        __exidx_end = .
                0x08001470                        . = ALIGN (0x4)

.preinit_array  0x08001470        0x0
                0x08001470                        . = ALIGN (0x4)
                0x08001470                        PROVIDE (__preinit_array_start = .)
 *(.preinit_array*)
                0x08001470                        PROVIDE (__preinit_array_end = .)
                0x08001470                        . = ALIGN (0x4)

.init_array     0x08001470        0x4
                0x08001470                        . = ALIGN (0x4)
                0x08001470                        PROVIDE (__init_array_start = .)
 *(SORT_BY_NAME(.init_array.*))
 *(.init_array*)
 .init_array    0x08001470        0x4 /home/jm-liberty/st/stm32cubeide_2.0.0/plugins/com.st.stm32cube.ide.mcu.externaltools.gnu-tools-for-stm32.13.3.rel1.linux64_1.0.100.202509120712/tools/bin/../lib/gcc/arm-none-eabi/13.3.1/thumb/v7e-m+fp/hard/crtbegin.o
                0x08001474                        PROVIDE (__init_array_end = .)
                0x08001474                        . = ALIGN (0x4)

.fini_array     0x08001474        0x4
                0x08001474                        . = ALIGN (0x4)
                [!provide]                        PROVIDE (__fini_array_start = .)
 *(SORT_BY_NAME(.fini_array.*))
 *(.fini_array*)
 .fini_array    0x08001474        0x4 /home/jm-liberty/st/stm32cubeide_2.0.0/plugins/com.st.stm32cube.ide.mcu.externaltools.gnu-tools-for-stm32.13.3.rel1.linux64_1.0.100.202509120712/tools/bin/../lib/gcc/arm-none-eabi/13.3.1/thumb/v7e-m+fp/hard/crtbegin.o
                [!provide]                        PROVIDE (__fini_array_end = .)
                0x08001478                        . = ALIGN (0x4)
                0x08001478                        _sidata = LOADADDR (.data)

.rel.dyn        0x08001478        0x0
 .rel.iplt      0x08001478        0x0 /home/jm-liberty/st/stm32cubeide_2.0.0/plugins/com.st.stm32cube.ide.mcu.externaltools.gnu-tools-for-stm32.13.3.rel1.linux64_1.0.100.202509120712/tools/bin/../lib/gcc/arm-none-eabi/13.3.1/thumb/v7e-m+fp/hard/crtbegin.o

.data           0x20000000       0x50 load address 0x08001478
                0x20000000                        . = ALIGN (0x4)
                0x20000000                        _sdata = .
 *(.data)
 *(.data*)
 .data._impure_ptr
                0x20000000        0x4 /home/jm-liberty/st/stm32cubeide_2.0.0/plugins/com.st.stm32cube.ide.mcu.externaltools.gnu-tools-for-stm32.13.3.rel1.linux64_1.0.100.202509120712/tools/bin/../lib/gcc/arm-none-eabi/13.3.1/../../../../arm-none-eabi/lib/thumb/v7e-m+fp/hard/libc_nano.a(libc_a-impure.o)
                0x20000000                _impure_ptr
 .data._impure_data
                0x20000004       0x4c /home/jm-liberty/st/stm32cubeide_2.0.0/plugins/com.st.stm32cube.ide.mcu.externaltools.gnu-tools-for-stm32.13.3.rel1.linux64_1.0.100.202509120712/tools/bin/../lib/gcc/arm-none-eabi/13.3.1/../../../../arm-none-eabi/lib/thumb/v7e-m+fp/hard/libc_nano.a(libc_a-impure.o)
                0x20000004                _impure_data
 *(.RamFunc)
 *(.RamFunc*)
                0x20000050                        . = ALIGN (0x4)
                0x20000050                        _edata = .

.igot.plt       0x20000050        0x0 load address 0x080014c8
 .igot.plt      0x20000050        0x0 /home/jm-liberty/st/stm32cubeide_2.0.0/plugins/com.st.stm32cube.ide.mcu.externaltools.gnu-tools-for-stm32.13.3.rel1.linux64_1.0.100.202509120712/tools/bin/../lib/gcc/arm-none-eabi/13.3.1/thumb/v7e-m+fp/hard/crtbegin.o
                0x20000050                        . = ALIGN (0x4)

.bss            0x20000050      0x16c load address 0x080014c8
                0x20000050                        _sbss = .
                0x20000050                        __bss_start__ = _sbss
 *(.bss)
 .bss           0x20000050       0x1c /home/jm-liberty/st/stm32cubeide_2.0.0/plugins/com.st.stm32cube.ide.mcu.externaltools.gnu-tools-for-stm32.13.3.rel1.linux64_1.0.100.202509120712/tools/bin/../lib/gcc/arm-none-eabi/13.3.1/thumb/v7e-m+fp/hard/crtbegin.o
 *(.bss*)
 .bss.__sbrk_heap_end
                0x2000006c        0x4 ./Src/sysmem.o
 .bss._ZN12_GLOBAL__N_113__new_handlerE
                0x20000070        0x4 /home/jm-liberty/st/stm32cubeide_2.0.0/plugins/com.st.stm32cube.ide.mcu.externaltools.gnu-tools-for-stm32.13.3.rel1.linux64_1.0.100.202509120712/tools/bin/../lib/gcc/arm-none-eabi/13.3.1/../../../../arm-none-eabi/lib/thumb/v7e-m+fp/hard/libstdc++_nano.a(new_handler.o)
 .bss.__malloc_sbrk_start
                0x20000074        0x4 /home/jm-liberty/st/stm32cubeide_2.0.0/plugins/com.st.stm32cube.ide.mcu.externaltools.gnu-tools-for-stm32.13.3.rel1.linux64_1.0.100.202509120712/tools/bin/../lib/gcc/arm-none-eabi/13.3.1/../../../../arm-none-eabi/lib/thumb/v7e-m+fp/hard/libc_nano.a(libc_a-mallocr.o)
                0x20000074                __malloc_sbrk_start
 .bss.__malloc_free_list
                0x20000078        0x4 /home/jm-liberty/st/stm32cubeide_2.0.0/plugins/com.st.stm32cube.ide.mcu.externaltools.gnu-tools-for-stm32.13.3.rel1.linux64_1.0.100.202509120712/tools/bin/../lib/gcc/arm-none-eabi/13.3.1/../../../../arm-none-eabi/lib/thumb/v7e-m+fp/hard/libc_nano.a(libc_a-mallocr.o)
                0x20000078                __malloc_free_list
 .bss.__sf      0x2000007c      0x138 /home/jm-liberty/st/stm32cubeide_2.0.0/plugins/com.st.stm32cube.ide.mcu.externaltools.gnu-tools-for-stm32.13.3.rel1.linux64_1.0.100.202509120712/tools/bin/../lib/gcc/arm-none-eabi/13.3.1/../../../../arm-none-eabi/lib/thumb/v7e-m+fp/hard/libc_nano.a(libc_a-findfp.o)
                0x2000007c                __sf
 .bss.errno     0x200001b4        0x4 /home/jm-liberty/st/stm32cubeide_2.0.0/plugins/com.st.stm32cube.ide.mcu.externaltools.gnu-tools-for-stm32.13.3.rel1.linux64_1.0.100.202509120712/tools/bin/../lib/gcc/arm-none-eabi/13.3.1/../../../../arm-none-eabi/lib/thumb/v7e-m+fp/hard/libc_nano.a(libc_a-reent.o)
                0x200001b4                errno
 .bss.__lock___malloc_recursive_mutex
                0x200001b8        0x1 /home/jm-liberty/st/stm32cubeide_2.0.0/plugins/com.st.stm32cube.ide.mcu.externaltools.gnu-tools-for-stm32.13.3.rel1.linux64_1.0.100.202509120712/tools/bin/../lib/gcc/arm-none-eabi/13.3.1/../../../../arm-none-eabi/lib/thumb/v7e-m+fp/hard/libc_nano.a(libc_a-lock.o)
                0x200001b8                __lock___malloc_recursive_mutex
 *(COMMON)
                0x200001bc                        . = ALIGN (0x4)
 *fill*         0x200001b9        0x3 
                0x200001bc                        _ebss = .
                0x200001bc                        __bss_end__ = _ebss

._user_heap_stack
                0x200001bc      0x604 load address 0x080014c8
                0x200001c0                        . = ALIGN (0x8)
 *fill*         0x200001bc        0x4 
                [!provide]                        PROVIDE (end = .)
                0x200001c0                        PROVIDE (_end = .)
                0x200003c0                        . = (. + _Min_Heap_Size)
 *fill*         0x200001c0      0x200 
                0x200007c0                        . = (. + _Min_Stack_Size)
 *fill*         0x200003c0      0x400 
                0x200007c0                        . = ALIGN (0x8)

/DISCARD/
 libc.a(*)
 libm.a(*)
 libgcc.a(*)

.ARM.attributes
                0x00000000       0x30
 *(.ARM.attributes)
 .ARM.attributes
                0x00000000       0x22 /home/jm-liberty/st/stm32cubeide_2.0.0/plugins/com.st.stm32cube.ide.mcu.externaltools.gnu-tools-for-stm32.13.3.rel1.linux64_1.0.100.202509120712/tools/bin/../lib/gcc/arm-none-eabi/13.3.1/thumb/v7e-m+fp/hard/crti.o
 .ARM.attributes
                0x00000022       0x34 /home/jm-liberty/st/stm32cubeide_2.0.0/plugins/com.st.stm32cube.ide.mcu.externaltools.gnu-tools-for-stm32.13.3.rel1.linux64_1.0.100.202509120712/tools/bin/../lib/gcc/arm-none-eabi/13.3.1/thumb/v7e-m+fp/hard/crtbegin.o
 .ARM.attributes
                0x00000056       0x34 ./Src/adc.o
 .ARM.attributes
                0x0000008a       0x34 ./Src/main.o
 .ARM.attributes
                0x000000be       0x34 ./Src/pwm.o
 .ARM.attributes
                0x000000f2       0x34 ./Src/syscalls.o
 .ARM.attributes
                0x00000126       0x34 ./Src/sysmem.o
 .ARM.attributes
                0x0000015a       0x34 ./Src/system_stm32f4xx.o
 .ARM.attributes
                0x0000018e       0x34 ./Src/uart.o
 .ARM.attributes
                0x000001c2       0x21 ./Startup/startup_stm32f411retx.o
 .ARM.attributes
                0x000001e3       0x34 /home/jm-liberty/st/stm32cubeide_2.0.0/plugins/com.st.stm32cube.ide.mcu.externaltools.gnu-tools-for-stm32.13.3.rel1.linux64_1.0.100.202509120712/tools/bin/../lib/gcc/arm-none-eabi/13.3.1/../../../../arm-none-eabi/lib/thumb/v7e-m+fp/hard/libstdc++_nano.a(string-inst.o)
 .ARM.attributes
                0x00000217       0x34 /home/jm-liberty/st/stm32cubeide_2.0.0/plugins/com.st.stm32cube.ide.mcu.externaltools.gnu-tools-for-stm32.13.3.rel1.linux64_1.0.100.202509120712/tools/bin/../lib/gcc/arm-none-eabi/13.3.1/../../../../arm-none-eabi/lib/thumb/v7e-m+fp/hard/libstdc++_nano.a(new_op.o)
 .ARM.attributes
                0x0000024b       0x34 /home/jm-liberty/st/stm32cubeide_2.0.0/plugins/com.st.stm32cube.ide.mcu.externaltools.gnu-tools-for-stm32.13.3.rel1.linux64_1.0.100.202509120712/tools/bin/../lib/gcc/arm-none-eabi/13.3.1/../../../../arm-none-eabi/lib/thumb/v7e-m+fp/hard/libstdc++_nano.a(functexcept.o)
 .ARM.attributes
                0x0000027f       0x34 /home/jm-liberty/st/stm32cubeide_2.0.0/plugins/com.st.stm32cube.ide.mcu.externaltools.gnu-tools-for-stm32.13.3.rel1.linux64_1.0.100.202509120712/tools/bin/../lib/gcc/arm-none-eabi/13.3.1/../../../../arm-none-eabi/lib/thumb/v7e-m+fp/hard/libstdc++_nano.a(new_handler.o)
 .ARM.attributes
                0x000002b3       0x34 /home/jm-liberty/st/stm32cubeide_2.0.0/plugins/com.st.stm32cube.ide.mcu.externaltools.gnu-tools-for-stm32.13.3.rel1.linux64_1.0.100.202509120712/tools/bin/../lib/gcc/arm-none-eabi/13.3.1/../../../../arm-none-eabi/lib/thumb/v7e-m+fp/hard/libc_nano.a(libc_a-abort.o)
 .ARM.attributes
                0x000002e7       0x34 /home/jm-liberty/st/stm32cubeide_2.0.0/plugins/com.st.stm32cube.ide.mcu.externaltools.gnu-tools-for-stm32.13.3.rel1.linux64_1.0.100.202509120712/tools/bin/../lib/gcc/arm-none-eabi/13.3.1/../../../../arm-none-eabi/lib/thumb/v7e-m+fp/hard/libc_nano.a(libc_a-malloc.o)
 .ARM.attributes
                0x0000031b       0x34 /home/jm-liberty/st/stm32cubeide_2.0.0/plugins/com.st.stm32cube.ide.mcu.externaltools.gnu-tools-for-stm32.13.3.rel1.linux64_1.0.100.202509120712/tools/bin/../lib/gcc/arm-none-eabi/13.3.1/../../../../arm-none-eabi/lib/thumb/v7e-m+fp/hard/libc_nano.a(libc_a-mallocr.o)
 .ARM.attributes
                0x0000034f       0x34 /home/jm-liberty/st/stm32cubeide_2.0.0/plugins/com.st.stm32cube.ide.mcu.externaltools.gnu-tools-for-stm32.13.3.rel1.linux64_1.0.100.202509120712/tools/bin/../lib/gcc/arm-none-eabi/13.3.1/../../../../arm-none-eabi/lib/thumb/v7e-m+fp/hard/libc_nano.a(libc_a-mlock.o)
 .ARM.attributes
                0x00000383       0x34 /home/jm-liberty/st/stm32cubeide_2.0.0/plugins/com.st.stm32cube.ide.mcu.externaltools.gnu-tools-for-stm32.13.3.rel1.linux64_1.0.100.202509120712/tools/bin/../lib/gcc/arm-none-eabi/13.3.1/../../../../arm-none-eabi/lib/thumb/v7e-m+fp/hard/libc_nano.a(libc_a-findfp.o)
 .ARM.attributes
                0x000003b7       0x34 /home/jm-liberty/st/stm32cubeide_2.0.0/plugins/com.st.stm32cube.ide.mcu.externaltools.gnu-tools-for-stm32.13.3.rel1.linux64_1.0.100.202509120712/tools/bin/../lib/gcc/arm-none-eabi/13.3.1/../../../../arm-none-eabi/lib/thumb/v7e-m+fp/hard/libc_nano.a(libc_a-snprintf.o)
 .ARM.attributes
                0x000003eb       0x34 /home/jm-liberty/st/stm32cubeide_2.0.0/plugins/com.st.stm32cube.ide.mcu.externaltools.gnu-tools-for-stm32.13.3.rel1.linux64_1.0.100.202509120712/tools/bin/../lib/gcc/arm-none-eabi/13.3.1/../../../../arm-none-eabi/lib/thumb/v7e-m+fp/hard/libc_nano.a(libc_a-memmove.o)
 .ARM.attributes
                0x0000041f       0x34 /home/jm-liberty/st/stm32cubeide_2.0.0/plugins/com.st.stm32cube.ide.mcu.externaltools.gnu-tools-for-stm32.13.3.rel1.linux64_1.0.100.202509120712/tools/bin/../lib/gcc/arm-none-eabi/13.3.1/../../../../arm-none-eabi/lib/thumb/v7e-m+fp/hard/libc_nano.a(libc_a-signal.o)
 .ARM.attributes
                0x00000453       0x34 /home/jm-liberty/st/stm32cubeide_2.0.0/plugins/com.st.stm32cube.ide.mcu.externaltools.gnu-tools-for-stm32.13.3.rel1.linux64_1.0.100.202509120712/tools/bin/../lib/gcc/arm-none-eabi/13.3.1/../../../../arm-none-eabi/lib/thumb/v7e-m+fp/hard/libc_nano.a(libc_a-reent.o)
 .ARM.attributes
                0x00000487       0x34 /home/jm-liberty/st/stm32cubeide_2.0.0/plugins/com.st.stm32cube.ide.mcu.externaltools.gnu-tools-for-stm32.13.3.rel1.linux64_1.0.100.202509120712/tools/bin/../lib/gcc/arm-none-eabi/13.3.1/../../../../arm-none-eabi/lib/thumb/v7e-m+fp/hard/libc_nano.a(libc_a-impure.o)
 .ARM.attributes
                0x000004bb       0x34 /home/jm-liberty/st/stm32cubeide_2.0.0/plugins/com.st.stm32cube.ide.mcu.externaltools.gnu-tools-for-stm32.13.3.rel1.linux64_1.0.100.202509120712/tools/bin/../lib/gcc/arm-none-eabi/13.3.1/../../../../arm-none-eabi/lib/thumb/v7e-m+fp/hard/libc_nano.a(libc_a-signalr.o)
 .ARM.attributes
                0x000004ef       0x34 /home/jm-liberty/st/stm32cubeide_2.0.0/plugins/com.st.stm32cube.ide.mcu.externaltools.gnu-tools-for-stm32.13.3.rel1.linux64_1.0.100.202509120712/tools/bin/../lib/gcc/arm-none-eabi/13.3.1/../../../../arm-none-eabi/lib/thumb/v7e-m+fp/hard/libc_nano.a(libc_a-sbrkr.o)
 .ARM.attributes
                0x00000523       0x34 /home/jm-liberty/st/stm32cubeide_2.0.0/plugins/com.st.stm32cube.ide.mcu.externaltools.gnu-tools-for-stm32.13.3.rel1.linux64_1.0.100.202509120712/tools/bin/../lib/gcc/arm-none-eabi/13.3.1/../../../../arm-none-eabi/lib/thumb/v7e-m+fp/hard/libc_nano.a(libc_a-errno.o)
 .ARM.attributes
                0x00000557       0x34 /home/jm-liberty/st/stm32cubeide_2.0.0/plugins/com.st.stm32cube.ide.mcu.externaltools.gnu-tools-for-stm32.13.3.rel1.linux64_1.0.100.202509120712/tools/bin/../lib/gcc/arm-none-eabi/13.3.1/../../../../arm-none-eabi/lib/thumb/v7e-m+fp/hard/libc_nano.a(libc_a-init.o)
 .ARM.attributes
                0x0000058b       0x34 /home/jm-liberty/st/stm32cubeide_2.0.0/plugins/com.st.stm32cube.ide.mcu.externaltools.gnu-tools-for-stm32.13.3.rel1.linux64_1.0.100.202509120712/tools/bin/../lib/gcc/arm-none-eabi/13.3.1/../../../../arm-none-eabi/lib/thumb/v7e-m+fp/hard/libc_nano.a(libc_a-lock.o)
 .ARM.attributes
                0x000005bf       0x1c /home/jm-liberty/st/stm32cubeide_2.0.0/plugins/com.st.stm32cube.ide.mcu.externaltools.gnu-tools-for-stm32.13.3.rel1.linux64_1.0.100.202509120712/tools/bin/../lib/gcc/arm-none-eabi/13.3.1/../../../../arm-none-eabi/lib/thumb/v7e-m+fp/hard/libc_nano.a(libc_a-memchr.o)
 .ARM.attributes
                0x000005db       0x34 /home/jm-liberty/st/stm32cubeide_2.0.0/plugins/com.st.stm32cube.ide.mcu.externaltools.gnu-tools-for-stm32.13.3.rel1.linux64_1.0.100.202509120712/tools/bin/../lib/gcc/arm-none-eabi/13.3.1/../../../../arm-none-eabi/lib/thumb/v7e-m+fp/hard/libc_nano.a(libc_a-memcpy-stub.o)
 .ARM.attributes
                0x0000060f       0x17 /home/jm-liberty/st/stm32cubeide_2.0.0/plugins/com.st.stm32cube.ide.mcu.externaltools.gnu-tools-for-stm32.13.3.rel1.linux64_1.0.100.202509120712/tools/bin/../lib/gcc/arm-none-eabi/13.3.1/../../../../arm-none-eabi/lib/thumb/v7e-m+fp/hard/libc_nano.a(libc_a-strlen.o)
 .ARM.attributes
                0x00000626       0x34 /home/jm-liberty/st/stm32cubeide_2.0.0/plugins/com.st.stm32cube.ide.mcu.externaltools.gnu-tools-for-stm32.13.3.rel1.linux64_1.0.100.202509120712/tools/bin/../lib/gcc/arm-none-eabi/13.3.1/../../../../arm-none-eabi/lib/thumb/v7e-m+fp/hard/libc_nano.a(libc_a-freer.o)
 .ARM.attributes
                0x0000065a       0x34 /home/jm-liberty/st/stm32cubeide_2.0.0/plugins/com.st.stm32cube.ide.mcu.externaltools.gnu-tools-for-stm32.13.3.rel1.linux64_1.0.100.202509120712/tools/bin/../lib/gcc/arm-none-eabi/13.3.1/../../../../arm-none-eabi/lib/thumb/v7e-m+fp/hard/libc_nano.a(libc_a-nano-svfprintf.o)
 .ARM.attributes
                0x0000068e       0x34 /home/jm-liberty/st/stm32cubeide_2.0.0/plugins/com.st.stm32cube.ide.mcu.externaltools.gnu-tools-for-stm32.13.3.rel1.linux64_1.0.100.202509120712/tools/bin/../lib/gcc/arm-none-eabi/13.3.1/../../../../arm-none-eabi/lib/thumb/v7e-m+fp/hard/libc_nano.a(libc_a-nano-vfprintf_i.o)
 .ARM.attributes
                0x000006c2       0x34 /home/jm-liberty/st/stm32cubeide_2.0.0/plugins/com.st.stm32cube.ide.mcu.externaltools.gnu-tools-for-stm32.13.3.rel1.linux64_1.0.100.202509120712/tools/bin/../lib/gcc/arm-none-eabi/13.3.1/../../../../arm-none-eabi/lib/thumb/v7e-m+fp/hard/libc_nano.a(libc_a-reallocr.o)
 .ARM.attributes
                0x000006f6       0x34 /home/jm-liberty/st/stm32cubeide_2.0.0/plugins/com.st.stm32cube.ide.mcu.externaltools.gnu-tools-for-stm32.13.3.rel1.linux64_1.0.100.202509120712/tools/bin/../lib/gcc/arm-none-eabi/13.3.1/../../../../arm-none-eabi/lib/thumb/v7e-m+fp/hard/libc_nano.a(libc_a-msizer.o)
 .ARM.attributes
                0x0000072a       0x22 /home/jm-liberty/st/stm32cubeide_2.0.0/plugins/com.st.stm32cube.ide.mcu.externaltools.gnu-tools-for-stm32.13.3.rel1.linux64_1.0.100.202509120712/tools/bin/../lib/gcc/arm-none-eabi/13.3.1/thumb/v7e-m+fp/hard/crtn.o
OUTPUT(pwm_uart_adc_cpp_f411_01.elf elf32-littlearm)
LOAD linker stubs
LOAD /home/jm-liberty/st/stm32cubeide_2.0.0/plugins/com.st.stm32cube.ide.mcu.externaltools.gnu-tools-for-stm32.13.3.rel1.linux64_1.0.100.202509120712/tools/bin/../lib/gcc/arm-none-eabi/13.3.1/../../../../arm-none-eabi/lib/thumb/v7e-m+fp/hard/libc.a
LOAD /home/jm-liberty/st/stm32cubeide_2.0.0/plugins/com.st.stm32cube.ide.mcu.externaltools.gnu-tools-for-stm32.13.3.rel1.linux64_1.0.100.202509120712/tools/bin/../lib/gcc/arm-none-eabi/13.3.1/../../../../arm-none-eabi/lib/thumb/v7e-m+fp/hard/libm.a
LOAD /home/jm-liberty/st/stm32cubeide_2.0.0/plugins/com.st.stm32cube.ide.mcu.externaltools.gnu-tools-for-stm32.13.3.rel1.linux64_1.0.100.202509120712/tools/bin/../lib/gcc/arm-none-eabi/13.3.1/thumb/v7e-m+fp/hard/libgcc.a

.debug_info     0x00000000     0xa9f0
 .debug_info    0x00000000      0x441 ./Src/adc.o
 .debug_info    0x00000441     0x51af ./Src/main.o
 .debug_info    0x000055f0     0x2316 ./Src/pwm.o
 .debug_info    0x00007906      0x6a3 ./Src/syscalls.o
 .debug_info    0x00007fa9      0x168 ./Src/sysmem.o
 .debug_info    0x00008111      0x537 ./Src/system_stm32f4xx.o
 .debug_info    0x00008648     0x2378 ./Src/uart.o
 .debug_info    0x0000a9c0       0x30 ./Startup/startup_stm32f411retx.o

.debug_abbrev   0x00000000     0x16e4
 .debug_abbrev  0x00000000      0x13c ./Src/adc.o
 .debug_abbrev  0x0000013c      0x880 ./Src/main.o
 .debug_abbrev  0x000009bc      0x473 ./Src/pwm.o
 .debug_abbrev  0x00000e2f      0x1b6 ./Src/syscalls.o
 .debug_abbrev  0x00000fe5       0xbc ./Src/sysmem.o
 .debug_abbrev  0x000010a1      0x11a ./Src/system_stm32f4xx.o
 .debug_abbrev  0x000011bb      0x505 ./Src/uart.o
 .debug_abbrev  0x000016c0       0x24 ./Startup/startup_stm32f411retx.o

.debug_aranges  0x00000000      0x208
 .debug_aranges
                0x00000000       0x30 ./Src/adc.o
 .debug_aranges
                0x00000030       0x40 ./Src/main.o
 .debug_aranges
                0x00000070       0x30 ./Src/pwm.o
 .debug_aranges
                0x000000a0       0xa8 ./Src/syscalls.o
 .debug_aranges
                0x00000148       0x20 ./Src/sysmem.o
 .debug_aranges
                0x00000168       0x28 ./Src/system_stm32f4xx.o
 .debug_aranges
                0x00000190       0x50 ./Src/uart.o
 .debug_aranges
                0x000001e0       0x28 ./Startup/startup_stm32f411retx.o

.debug_rnglists
                0x00000000      0x163
 .debug_rnglists
                0x00000000       0x20 ./Src/adc.o
 .debug_rnglists
                0x00000020       0x2c ./Src/main.o
 .debug_rnglists
                0x0000004c       0x20 ./Src/pwm.o
 .debug_rnglists
                0x0000006c       0x79 ./Src/syscalls.o
 .debug_rnglists
                0x000000e5       0x13 ./Src/sysmem.o
 .debug_rnglists
                0x000000f8       0x1a ./Src/system_stm32f4xx.o
 .debug_rnglists
                0x00000112       0x38 ./Src/uart.o
 .debug_rnglists
                0x0000014a       0x19 ./Startup/startup_stm32f411retx.o

.debug_macro    0x00000000    0x13ecd
 .debug_macro   0x00000000      0x101 ./Src/adc.o
 .debug_macro   0x00000101      0xbc2 ./Src/adc.o
 .debug_macro   0x00000cc3       0x1c ./Src/adc.o
 .debug_macro   0x00000cdf       0x22 ./Src/adc.o
 .debug_macro   0x00000d01       0x8e ./Src/adc.o
 .debug_macro   0x00000d8f       0x51 ./Src/adc.o
 .debug_macro   0x00000de0      0x103 ./Src/adc.o
 .debug_macro   0x00000ee3       0x6a ./Src/adc.o
 .debug_macro   0x00000f4d      0x1df ./Src/adc.o
 .debug_macro   0x0000112c       0x28 ./Src/adc.o
 .debug_macro   0x00001154       0x28 ./Src/adc.o
 .debug_macro   0x0000117c       0x1c ./Src/adc.o
 .debug_macro   0x00001198       0x22 ./Src/adc.o
 .debug_macro   0x000011ba       0xfb ./Src/adc.o
 .debug_macro   0x000012b5     0x1011 ./Src/adc.o
 .debug_macro   0x000022c6      0x11f ./Src/adc.o
 .debug_macro   0x000023e5     0xb968 ./Src/adc.o
 .debug_macro   0x0000dd4d       0x6d ./Src/adc.o
 .debug_macro   0x0000ddba      0x687 ./Src/main.o
 .debug_macro   0x0000e441      0x1f2 ./Src/main.o
 .debug_macro   0x0000e633       0x10 ./Src/main.o
 .debug_macro   0x0000e643      0x409 ./Src/main.o
 .debug_macro   0x0000ea4c       0x61 ./Src/main.o
 .debug_macro   0x0000eaad       0x2a ./Src/main.o
 .debug_macro   0x0000ead7       0x43 ./Src/main.o
 .debug_macro   0x0000eb1a       0x34 ./Src/main.o
 .debug_macro   0x0000eb4e      0x197 ./Src/main.o
 .debug_macro   0x0000ece5      0x38c ./Src/main.o
 .debug_macro   0x0000f071       0x16 ./Src/main.o
 .debug_macro   0x0000f087       0x4a ./Src/main.o
 .debug_macro   0x0000f0d1       0x34 ./Src/main.o
 .debug_macro   0x0000f105       0x10 ./Src/main.o
 .debug_macro   0x0000f115       0x58 ./Src/main.o
 .debug_macro   0x0000f16d       0x8e ./Src/main.o
 .debug_macro   0x0000f1fb       0x16 ./Src/main.o
 .debug_macro   0x0000f211      0x185 ./Src/main.o
 .debug_macro   0x0000f396       0x1c ./Src/main.o
 .debug_macro   0x0000f3b2       0x43 ./Src/main.o
 .debug_macro   0x0000f3f5       0x10 ./Src/main.o
 .debug_macro   0x0000f405       0x10 ./Src/main.o
 .debug_macro   0x0000f415       0x33 ./Src/main.o
 .debug_macro   0x0000f448      0x173 ./Src/main.o
 .debug_macro   0x0000f5bb       0x1c ./Src/main.o
 .debug_macro   0x0000f5d7       0x10 ./Src/main.o
 .debug_macro   0x0000f5e7       0x41 ./Src/main.o
 .debug_macro   0x0000f628       0x19 ./Src/main.o
 .debug_macro   0x0000f641       0x11 ./Src/main.o
 .debug_macro   0x0000f652       0x10 ./Src/main.o
 .debug_macro   0x0000f662       0x3c ./Src/main.o
 .debug_macro   0x0000f69e       0x5e ./Src/main.o
 .debug_macro   0x0000f6fc       0x16 ./Src/main.o
 .debug_macro   0x0000f712       0x52 ./Src/main.o
 .debug_macro   0x0000f764       0x5e ./Src/main.o
 .debug_macro   0x0000f7c2       0x11 ./Src/main.o
 .debug_macro   0x0000f7d3       0x2f ./Src/main.o
 .debug_macro   0x0000f802       0x16 ./Src/main.o
 .debug_macro   0x0000f818       0x2c ./Src/main.o
 .debug_macro   0x0000f844       0x11 ./Src/main.o
 .debug_macro   0x0000f855       0x18 ./Src/main.o
 .debug_macro   0x0000f86d       0x28 ./Src/main.o
 .debug_macro   0x0000f895       0x2e ./Src/main.o
 .debug_macro   0x0000f8c3       0x19 ./Src/main.o
 .debug_macro   0x0000f8dc       0x11 ./Src/main.o
 .debug_macro   0x0000f8ed       0x4f ./Src/main.o
 .debug_macro   0x0000f93c       0x18 ./Src/main.o
 .debug_macro   0x0000f954       0x27 ./Src/main.o
 .debug_macro   0x0000f97b       0x88 ./Src/main.o
 .debug_macro   0x0000fa03       0x19 ./Src/main.o
 .debug_macro   0x0000fa1c       0x1c ./Src/main.o
 .debug_macro   0x0000fa38       0x10 ./Src/main.o
 .debug_macro   0x0000fa48       0x16 ./Src/main.o
 .debug_macro   0x0000fa5e       0x16 ./Src/main.o
 .debug_macro   0x0000fa74       0x29 ./Src/main.o
 .debug_macro   0x0000fa9d       0x1c ./Src/main.o
 .debug_macro   0x0000fab9       0xde ./Src/main.o
 .debug_macro   0x0000fb97       0x1c ./Src/main.o
 .debug_macro   0x0000fbb3       0x10 ./Src/main.o
 .debug_macro   0x0000fbc3       0x16 ./Src/main.o
 .debug_macro   0x0000fbd9      0x131 ./Src/main.o
 .debug_macro   0x0000fd0a      0x11d ./Src/main.o
 .debug_macro   0x0000fe27       0x10 ./Src/main.o
 .debug_macro   0x0000fe37      0x242 ./Src/main.o
 .debug_macro   0x00010079       0x17 ./Src/main.o
 .debug_macro   0x00010090       0x19 ./Src/main.o
 .debug_macro   0x000100a9       0x18 ./Src/main.o
 .debug_macro   0x000100c1       0x17 ./Src/main.o
 .debug_macro   0x000100d8       0x17 ./Src/main.o
 .debug_macro   0x000100ef       0x10 ./Src/main.o
 .debug_macro   0x000100ff       0x10 ./Src/main.o
 .debug_macro   0x0001010f       0x76 ./Src/main.o
 .debug_macro   0x00010185       0x1c ./Src/main.o
 .debug_macro   0x000101a1      0x66b ./Src/pwm.o
 .debug_macro   0x0001080c      0x274 ./Src/syscalls.o
 .debug_macro   0x00010a80      0xaea ./Src/syscalls.o
 .debug_macro   0x0001156a       0x5b ./Src/syscalls.o
 .debug_macro   0x000115c5       0x94 ./Src/syscalls.o
 .debug_macro   0x00011659       0x34 ./Src/syscalls.o
 .debug_macro   0x0001168d       0x57 ./Src/syscalls.o
 .debug_macro   0x000116e4      0x190 ./Src/syscalls.o
 .debug_macro   0x00011874      0x370 ./Src/syscalls.o
 .debug_macro   0x00011be4       0x4a ./Src/syscalls.o
 .debug_macro   0x00011c2e       0x1c ./Src/syscalls.o
 .debug_macro   0x00011c4a       0x10 ./Src/syscalls.o
 .debug_macro   0x00011c5a       0x3c ./Src/syscalls.o
 .debug_macro   0x00011c96       0x10 ./Src/syscalls.o
 .debug_macro   0x00011ca6       0x10 ./Src/syscalls.o
 .debug_macro   0x00011cb6       0x10 ./Src/syscalls.o
 .debug_macro   0x00011cc6       0x1c ./Src/syscalls.o
 .debug_macro   0x00011ce2       0x52 ./Src/syscalls.o
 .debug_macro   0x00011d34       0x22 ./Src/syscalls.o
 .debug_macro   0x00011d56       0x10 ./Src/syscalls.o
 .debug_macro   0x00011d66       0x52 ./Src/syscalls.o
 .debug_macro   0x00011db8       0xcf ./Src/syscalls.o
 .debug_macro   0x00011e87       0x1c ./Src/syscalls.o
 .debug_macro   0x00011ea3       0x3d ./Src/syscalls.o
 .debug_macro   0x00011ee0       0x35 ./Src/syscalls.o
 .debug_macro   0x00011f15      0x12c ./Src/syscalls.o
 .debug_macro   0x00012041       0x10 ./Src/syscalls.o
 .debug_macro   0x00012051      0x146 ./Src/syscalls.o
 .debug_macro   0x00012197      0x18a ./Src/syscalls.o
 .debug_macro   0x00012321       0x16 ./Src/syscalls.o
 .debug_macro   0x00012337       0xce ./Src/syscalls.o
 .debug_macro   0x00012405      0x112 ./Src/sysmem.o
 .debug_macro   0x00012517      0x23c ./Src/sysmem.o
 .debug_macro   0x00012753       0xda ./Src/system_stm32f4xx.o
 .debug_macro   0x0001282d     0x1011 ./Src/system_stm32f4xx.o
 .debug_macro   0x0001383e      0x68f ./Src/uart.o

.debug_line     0x00000000     0x4e3f
 .debug_line    0x00000000      0x57a ./Src/adc.o
 .debug_line    0x0000057a     0x11f4 ./Src/main.o
 .debug_line    0x0000176e     0x118b ./Src/pwm.o
 .debug_line    0x000028f9      0x81d ./Src/syscalls.o
 .debug_line    0x00003116      0x4f9 ./Src/sysmem.o
 .debug_line    0x0000360f      0x562 ./Src/system_stm32f4xx.o
 .debug_line    0x00003b71     0x1253 ./Src/uart.o
 .debug_line    0x00004dc4       0x7b ./Startup/startup_stm32f411retx.o

.debug_str      0x00000000    0x602a4
 .debug_str     0x00000000    0x602a4 ./Src/adc.o
                              0x505a3 (size before relaxing)
 .debug_str     0x000602a4        0x0 ./Src/main.o
                              0x5e5cd (size before relaxing)
 .debug_str     0x000602a4        0x0 ./Src/pwm.o
                              0x59386 (size before relaxing)
 .debug_str     0x000602a4        0x0 ./Src/syscalls.o
                               0x9a0d (size before relaxing)
 .debug_str     0x000602a4        0x0 ./Src/sysmem.o
                               0x77ab (size before relaxing)
 .debug_str     0x000602a4        0x0 ./Src/system_stm32f4xx.o
                              0x500b1 (size before relaxing)
 .debug_str     0x000602a4        0x0 ./Src/uart.o
                              0x59470 (size before relaxing)
 .debug_str     0x000602a4        0x0 ./Startup/startup_stm32f411retx.o
                                 0x89 (size before relaxing)

.comment        0x00000000       0x43
 .comment       0x00000000       0x43 ./Src/adc.o
                                 0x44 (size before relaxing)
 .comment       0x00000043        0x0 ./Src/main.o
                                 0x44 (size before relaxing)
 .comment       0x00000043        0x0 ./Src/pwm.o
                                 0x44 (size before relaxing)
 .comment       0x00000043        0x0 ./Src/syscalls.o
                                 0x44 (size before relaxing)
 .comment       0x00000043        0x0 ./Src/sysmem.o
                                 0x44 (size before relaxing)
 .comment       0x00000043        0x0 ./Src/system_stm32f4xx.o
                                 0x44 (size before relaxing)
 .comment       0x00000043        0x0 ./Src/uart.o
                                 0x44 (size before relaxing)

.debug_frame    0x00000000     0x20e4
 .debug_frame   0x00000000       0x78 ./Src/adc.o
 .debug_frame   0x00000078       0xcc ./Src/main.o
 .debug_frame   0x00000144       0x78 ./Src/pwm.o
 .debug_frame   0x000001bc      0x2ac ./Src/syscalls.o
 .debug_frame   0x00000468       0x34 ./Src/sysmem.o
 .debug_frame   0x0000049c       0x58 ./Src/system_stm32f4xx.o
 .debug_frame   0x000004f4      0x114 ./Src/uart.o
 .debug_frame   0x00000608     0x122c /home/jm-liberty/st/stm32cubeide_2.0.0/plugins/com.st.stm32cube.ide.mcu.externaltools.gnu-tools-for-stm32.13.3.rel1.linux64_1.0.100.202509120712/tools/bin/../lib/gcc/arm-none-eabi/13.3.1/../../../../arm-none-eabi/lib/thumb/v7e-m+fp/hard/libstdc++_nano.a(string-inst.o)
 .debug_frame   0x00001834       0x28 /home/jm-liberty/st/stm32cubeide_2.0.0/plugins/com.st.stm32cube.ide.mcu.externaltools.gnu-tools-for-stm32.13.3.rel1.linux64_1.0.100.202509120712/tools/bin/../lib/gcc/arm-none-eabi/13.3.1/../../../../arm-none-eabi/lib/thumb/v7e-m+fp/hard/libstdc++_nano.a(new_op.o)
 .debug_frame   0x0000185c      0x184 /home/jm-liberty/st/stm32cubeide_2.0.0/plugins/com.st.stm32cube.ide.mcu.externaltools.gnu-tools-for-stm32.13.3.rel1.linux64_1.0.100.202509120712/tools/bin/../lib/gcc/arm-none-eabi/13.3.1/../../../../arm-none-eabi/lib/thumb/v7e-m+fp/hard/libstdc++_nano.a(functexcept.o)
 .debug_frame   0x000019e0       0x30 /home/jm-liberty/st/stm32cubeide_2.0.0/plugins/com.st.stm32cube.ide.mcu.externaltools.gnu-tools-for-stm32.13.3.rel1.linux64_1.0.100.202509120712/tools/bin/../lib/gcc/arm-none-eabi/13.3.1/../../../../arm-none-eabi/lib/thumb/v7e-m+fp/hard/libstdc++_nano.a(new_handler.o)
 .debug_frame   0x00001a10       0x28 /home/jm-liberty/st/stm32cubeide_2.0.0/plugins/com.st.stm32cube.ide.mcu.externaltools.gnu-tools-for-stm32.13.3.rel1.linux64_1.0.100.202509120712/tools/bin/../lib/gcc/arm-none-eabi/13.3.1/../../../../arm-none-eabi/lib/thumb/v7e-m+fp/hard/libc_nano.a(libc_a-abort.o)
 .debug_frame   0x00001a38       0x30 /home/jm-liberty/st/stm32cubeide_2.0.0/plugins/com.st.stm32cube.ide.mcu.externaltools.gnu-tools-for-stm32.13.3.rel1.linux64_1.0.100.202509120712/tools/bin/../lib/gcc/arm-none-eabi/13.3.1/../../../../arm-none-eabi/lib/thumb/v7e-m+fp/hard/libc_nano.a(libc_a-malloc.o)
 .debug_frame   0x00001a68       0x50 /home/jm-liberty/st/stm32cubeide_2.0.0/plugins/com.st.stm32cube.ide.mcu.externaltools.gnu-tools-for-stm32.13.3.rel1.linux64_1.0.100.202509120712/tools/bin/../lib/gcc/arm-none-eabi/13.3.1/../../../../arm-none-eabi/lib/thumb/v7e-m+fp/hard/libc_nano.a(libc_a-mallocr.o)
 .debug_frame   0x00001ab8       0x30 /home/jm-liberty/st/stm32cubeide_2.0.0/plugins/com.st.stm32cube.ide.mcu.externaltools.gnu-tools-for-stm32.13.3.rel1.linux64_1.0.100.202509120712/tools/bin/../lib/gcc/arm-none-eabi/13.3.1/../../../../arm-none-eabi/lib/thumb/v7e-m+fp/hard/libc_nano.a(libc_a-mlock.o)
 .debug_frame   0x00001ae8      0x144 /home/jm-liberty/st/stm32cubeide_2.0.0/plugins/com.st.stm32cube.ide.mcu.externaltools.gnu-tools-for-stm32.13.3.rel1.linux64_1.0.100.202509120712/tools/bin/../lib/gcc/arm-none-eabi/13.3.1/../../../../arm-none-eabi/lib/thumb/v7e-m+fp/hard/libc_nano.a(libc_a-findfp.o)
 .debug_frame   0x00001c2c       0x7c /home/jm-liberty/st/stm32cubeide_2.0.0/plugins/com.st.stm32cube.ide.mcu.externaltools.gnu-tools-for-stm32.13.3.rel1.linux64_1.0.100.202509120712/tools/bin/../lib/gcc/arm-none-eabi/13.3.1/../../../../arm-none-eabi/lib/thumb/v7e-m+fp/hard/libc_nano.a(libc_a-snprintf.o)
 .debug_frame   0x00001ca8       0x28 /home/jm-liberty/st/stm32cubeide_2.0.0/plugins/com.st.stm32cube.ide.mcu.externaltools.gnu-tools-for-stm32.13.3.rel1.linux64_1.0.100.202509120712/tools/bin/../lib/gcc/arm-none-eabi/13.3.1/../../../../arm-none-eabi/lib/thumb/v7e-m+fp/hard/libc_nano.a(libc_a-memmove.o)
 .debug_frame   0x00001cd0       0xcc /home/jm-liberty/st/stm32cubeide_2.0.0/plugins/com.st.stm32cube.ide.mcu.externaltools.gnu-tools-for-stm32.13.3.rel1.linux64_1.0.100.202509120712/tools/bin/../lib/gcc/arm-none-eabi/13.3.1/../../../../arm-none-eabi/lib/thumb/v7e-m+fp/hard/libc_nano.a(libc_a-signal.o)
 .debug_frame   0x00001d9c       0x38 /home/jm-liberty/st/stm32cubeide_2.0.0/plugins/com.st.stm32cube.ide.mcu.externaltools.gnu-tools-for-stm32.13.3.rel1.linux64_1.0.100.202509120712/tools/bin/../lib/gcc/arm-none-eabi/13.3.1/../../../../arm-none-eabi/lib/thumb/v7e-m+fp/hard/libc_nano.a(libc_a-reent.o)
 .debug_frame   0x00001dd4       0x3c /home/jm-liberty/st/stm32cubeide_2.0.0/plugins/com.st.stm32cube.ide.mcu.externaltools.gnu-tools-for-stm32.13.3.rel1.linux64_1.0.100.202509120712/tools/bin/../lib/gcc/arm-none-eabi/13.3.1/../../../../arm-none-eabi/lib/thumb/v7e-m+fp/hard/libc_nano.a(libc_a-signalr.o)
 .debug_frame   0x00001e10       0x2c /home/jm-liberty/st/stm32cubeide_2.0.0/plugins/com.st.stm32cube.ide.mcu.externaltools.gnu-tools-for-stm32.13.3.rel1.linux64_1.0.100.202509120712/tools/bin/../lib/gcc/arm-none-eabi/13.3.1/../../../../arm-none-eabi/lib/thumb/v7e-m+fp/hard/libc_nano.a(libc_a-sbrkr.o)
 .debug_frame   0x00001e3c       0x20 /home/jm-liberty/st/stm32cubeide_2.0.0/plugins/com.st.stm32cube.ide.mcu.externaltools.gnu-tools-for-stm32.13.3.rel1.linux64_1.0.100.202509120712/tools/bin/../lib/gcc/arm-none-eabi/13.3.1/../../../../arm-none-eabi/lib/thumb/v7e-m+fp/hard/libc_nano.a(libc_a-errno.o)
 .debug_frame   0x00001e5c       0x2c /home/jm-liberty/st/stm32cubeide_2.0.0/plugins/com.st.stm32cube.ide.mcu.externaltools.gnu-tools-for-stm32.13.3.rel1.linux64_1.0.100.202509120712/tools/bin/../lib/gcc/arm-none-eabi/13.3.1/../../../../arm-none-eabi/lib/thumb/v7e-m+fp/hard/libc_nano.a(libc_a-init.o)
 .debug_frame   0x00001e88       0xb0 /home/jm-liberty/st/stm32cubeide_2.0.0/plugins/com.st.stm32cube.ide.mcu.externaltools.gnu-tools-for-stm32.13.3.rel1.linux64_1.0.100.202509120712/tools/bin/../lib/gcc/arm-none-eabi/13.3.1/../../../../arm-none-eabi/lib/thumb/v7e-m+fp/hard/libc_nano.a(libc_a-lock.o)
 .debug_frame   0x00001f38       0x28 /home/jm-liberty/st/stm32cubeide_2.0.0/plugins/com.st.stm32cube.ide.mcu.externaltools.gnu-tools-for-stm32.13.3.rel1.linux64_1.0.100.202509120712/tools/bin/../lib/gcc/arm-none-eabi/13.3.1/../../../../arm-none-eabi/lib/thumb/v7e-m+fp/hard/libc_nano.a(libc_a-memcpy-stub.o)
 .debug_frame   0x00001f60       0x38 /home/jm-liberty/st/stm32cubeide_2.0.0/plugins/com.st.stm32cube.ide.mcu.externaltools.gnu-tools-for-stm32.13.3.rel1.linux64_1.0.100.202509120712/tools/bin/../lib/gcc/arm-none-eabi/13.3.1/../../../../arm-none-eabi/lib/thumb/v7e-m+fp/hard/libc_nano.a(libc_a-freer.o)
 .debug_frame   0x00001f98       0x90 /home/jm-liberty/st/stm32cubeide_2.0.0/plugins/com.st.stm32cube.ide.mcu.externaltools.gnu-tools-for-stm32.13.3.rel1.linux64_1.0.100.202509120712/tools/bin/../lib/gcc/arm-none-eabi/13.3.1/../../../../arm-none-eabi/lib/thumb/v7e-m+fp/hard/libc_nano.a(libc_a-nano-svfprintf.o)
 .debug_frame   0x00002028       0x60 /home/jm-liberty/st/stm32cubeide_2.0.0/plugins/com.st.stm32cube.ide.mcu.externaltools.gnu-tools-for-stm32.13.3.rel1.linux64_1.0.100.202509120712/tools/bin/../lib/gcc/arm-none-eabi/13.3.1/../../../../arm-none-eabi/lib/thumb/v7e-m+fp/hard/libc_nano.a(libc_a-nano-vfprintf_i.o)
 .debug_frame   0x00002088       0x3c /home/jm-liberty/st/stm32cubeide_2.0.0/plugins/com.st.stm32cube.ide.mcu.externaltools.gnu-tools-for-stm32.13.3.rel1.linux64_1.0.100.202509120712/tools/bin/../lib/gcc/arm-none-eabi/13.3.1/../../../../arm-none-eabi/lib/thumb/v7e-m+fp/hard/libc_nano.a(libc_a-reallocr.o)
 .debug_frame   0x000020c4       0x20 /home/jm-liberty/st/stm32cubeide_2.0.0/plugins/com.st.stm32cube.ide.mcu.externaltools.gnu-tools-for-stm32.13.3.rel1.linux64_1.0.100.202509120712/tools/bin/../lib/gcc/arm-none-eabi/13.3.1/../../../../arm-none-eabi/lib/thumb/v7e-m+fp/hard/libc_nano.a(libc_a-msizer.o)

.debug_line_str
                0x00000000       0x6d
 .debug_line_str
                0x00000000       0x6d ./Startup/startup_stm32f411retx.o
