17:21:46 **** Incremental Build of configuration Debug for project uart_ucpp_01_f411 ****
make -j8 all 
arm-none-eabi-g++ "../Src/main.cpp" -mcpu=cortex-m4 -std=gnu++14 -g3 -DDEBUG -DSTM32F411xE -DNUCLEO_F411RE -DSTM32 -DSTM32F4 -DSTM32F411RETx -c -I../Inc -I"/home/jm-liberty/STM32CubeIDE/workspace_2.0.0/uart_ucpp_01_f411/Drivers/CMSIS/Include" -I"/home/jm-liberty/STM32CubeIDE/workspace_2.0.0/uart_ucpp_01_f411/Drivers/CMSIS/Device/ST/STM32F4xx/Include" -O0 -ffunction-sections -fdata-sections -fno-exceptions -fno-rtti -fno-use-cxa-atexit -Wall -fstack-usage -fcyclomatic-complexity -MMD -MP -MF"Src/main.d" -MT"Src/main.o" --specs=nano.specs -mfpu=fpv4-sp-d16 -mfloat-abi=hard -mthumb -o "Src/main.o"
arm-none-eabi-g++ -o "uart_ucpp_01_f411.elf" @"objects.list"   -mcpu=cortex-m4 -T"/home/jm-liberty/STM32CubeIDE/workspace_2.0.0/uart_ucpp_01_f411/STM32F411RETX_FLASH.ld" --specs=nosys.specs -Wl,-Map="uart_ucpp_01_f411.map" -Wl,--gc-sections -static --specs=nano.specs -mfpu=fpv4-sp-d16 -mfloat-abi=hard -mthumb -Wl,--start-group -lc -lm -lstdc++ -lsupc++ -Wl,--end-group
Finished building target: uart_ucpp_01_f411.elf
 
arm-none-eabi-size  uart_ucpp_01_f411.elf 
arm-none-eabi-objdump -h -S uart_ucpp_01_f411.elf  > "uart_ucpp_01_f411.list"
   text	   data	    bss	    dec	    hex	filename
   1044	      0	   1568	   2612	    a34	uart_ucpp_01_f411.elf
Finished building: default.size.stdout
 
Finished building: uart_ucpp_01_f411.list
 
